// Jest Snapshot v1, https://goo.gl/fbAQLP

exports[`first snapshot testing 1`] = `
<div
  className="flex flex-wrap mx-auto lg:max-w-7xl px-10 py-10 font-[ 'Poppins']"
>
  <div>
    <h1
      className="text-3xl sm:text-4xl md:text-5xl format-normal leading-normal pt-5"
    >
       
      WHY WORK WITH HEALING ?
    </h1>
    <div
      className="mt-5"
    >
      <h3
        className="mt-1 text-xs font-bold"
      >
        RELIABLE INCOME
      </h3>
      <p
        className=" pr-10 max-w-lg text-[14px] text-gray-500 "
      >
        Over 10,000 people sign up on BetterHelp every day looking for a counselor to help with lifeâ€™s challenges. BetterHelp can be your main source of income ("full time") or a supplement to your current work.
      </p>
    </div>
    <div
      className="mt-5"
    >
      <h3
        className="mt-1 text-xs font-bold"
      >
        FOCUS ON COUNSELING
      </h3>
      <p
        className=" pr-10 max-w-lg text-[14px] text-gray-500 "
      >
        No need to worry about costs from acquiring clients, billing, support or operations. Let us handle the fees and paperwork so you can focus on what you do best!
      </p>
    </div>
    <div
      className="mt-5"
    >
      <h3
        className="mt-1 text-xs font-bold"
      >
        FOCUS ON COUNSELING
      </h3>
      <p
        className=" pr-10 max-w-lg text-[14px] text-gray-500 "
      >
        No need to worry about costs from acquiring clients, billing, support or operations. Let us handle the fees and paperwork so you can focus on what you do best!
      </p>
    </div>
    <div
      className=" mt-6 text-xl font-semibold"
    >
      REQUIRENMENTS
    </div>
    <ul
      className="list-disc list-inside text-black"
    >
      <li
        className=" mt-2 text-xs  text-gray-500 "
      >
        Licensed by a State Board to provide counseling
      </li>
      <li
        className=" mt-2 text-xs  text-gray-500 "
      >
        Experience in counseling for adults, couples, and/or teens
      </li>
      <li
        className=" mt-2 text-xs  text-gray-500 "
      >
        Excellent writing skills
      </li>
      <li
        className=" mt-2 text-xs  text-gray-500 "
      >
        Reliable Internet connection
      </li>
      <li
        className=" mt-2 text-xs  text-gray-500 "
      >
        Currently residing in the US
      </li>
    </ul>
    <button
      className="my-4 bg-[#2DD3E3] hover:bg-[#6ae8f3] text-white  font-bold py-2 px-4 border-b-4 border-[#2DD3E3] hover:border-[#54deeb] rounded"
      type="button"
    >
      GET STARTED
    </button>
  </div>
  <div>
    <img
      alt="loading"
      className="mt-3 md:mt-0 h-auto lg:h-96 xl:h-auto xl:w-auto"
      src="Frame.png"
    />
  </div>
</div>
`;
