// Jest Snapshot v1, https://goo.gl/fbAQLP

exports[`first snapshot testing 1`] = `
<div
  className="mx-auto  px-10 py-10"
>
  <div
    className="mx-auto lg:max-w-7xl "
  >
    <div
      className="rounded-lg bg-cover bg-center "
    >
      <img
        alt=""
        className="object-cover h-full w-full object-center  rounded-lg mb-20"
        src="https://firebasestorage.googleapis.com/v0/b/calm-minds-project.appspot.com/o/blogImages%2FRectangle45.svg?alt=media&token=9eaa7a99-680b-4734-868c-cdf5899133e9"
      />
    </div>
    <div />
    <div
      className="mt-3 "
    >
      <h3
        className="text-xl sm:text-xl md:text-2xl  mb-2 mt-8 items-start font-medium"
      >
        SIGN UP FOR THE HEALING BLOG
      </h3>
      <p>
        A weekly, ad-free Blog that helps you stay in the know.
      </p>
      <div
        className="mx-auto  px-10 py-10"
      >
        <div
          className="mx-auto lg:max-w-7xl "
        >
          <div
            className=" flex mr-4 "
          >
            <form
              className="flex"
              onSubmit={[Function]}
            >
              <input
                className=" border-2 lg:px-3 px-0 border-[#718096] rounded-l-md"
                name="email"
                onChange={[Function]}
                placeholder="Enter your e-mail"
                type="email"
              />
              <button
                aria-label="Send"
                className="p-2 border-y-2 border-r-2 border-[#718096] rounded-r-md bg-cyan-500 active:pr-1 active:pl-1 active:bg-cyan-400"
                type="submit"
              >
                 
                <svg>
                  send.svg
                </svg>
              </button>
            </form>
          </div>
        </div>
      </div>
    </div>
    <div
      className="py-10 "
    >
      <div
        className="mx-2 my-3"
      >
        <h3
          className="text-2xl sm:text-2xl md:text-3xl format-normal leading-normal pt-5 mt-10 font-medium"
        >
          RECOMMENED FOR YOU
           
        </h3>
        <div
          className="flex flex-wrap pr-5 mt-6"
        />
      </div>
    </div>
  </div>
  <div />
</div>
`;
