// Jest Snapshot v1, https://goo.gl/fbAQLP

exports[`first snapshot testing 1`] = `
<div
  className="mx-auto  px-10 py-10"
>
  <div
    className="mx-auto lg:max-w-7xl "
  >
    <div
      className=" flex mr-4 "
    >
      <form
        className="flex"
        onSubmit={[Function]}
      >
        <input
          className=" border-2 lg:px-3 px-0 border-[#718096] rounded-l-md"
          name="email"
          onChange={[Function]}
          placeholder="Enter your e-mail"
          type="email"
        />
        <button
          aria-label="Send"
          className="p-2 border-y-2 border-r-2 border-[#718096] rounded-r-md bg-cyan-500 active:pr-1 active:pl-1 active:bg-cyan-400"
          type="submit"
        >
           
          <svg>
            send.svg
          </svg>
        </button>
      </form>
    </div>
  </div>
</div>
`;
